<?xml version="1.0" encoding="UTF-8"?>
<testsuites>
    <testsuite name="login-gmm-solution;login-gmm-solution" tests="5" failures="0" skipped="0">
        <properties>
            <property name="@login" value="true">
            </property>
            <property name="URI" value="C:/Users/ysong/test/BDD ui integration/features/gmm-login.feature">
            </property>
        </properties>
        <testcase name="Given I am on the GMM login page" classname="login-gmm-solution;login-gmm-solution" time="28.700094148">
        </testcase>
        <testcase name="When I type the user name &quot;testuser2@test.com&quot;" classname="login-gmm-solution;login-gmm-solution" time="0.173190899">
        </testcase>
        <testcase name="And I type the password &quot;pass&quot;" classname="login-gmm-solution;login-gmm-solution" time="0.081274639">
        </testcase>
        <testcase name="And I click the login button" classname="login-gmm-solution;login-gmm-solution" time="0.058380291">
        </testcase>
        <testcase name="Then I should get into the gmm landing page and see some results" classname="login-gmm-solution;login-gmm-solution" time="0.084498614">
        </testcase>
    </testsuite>
    <testsuite name="register-a-non-fema-user;register-a-non-fema-user" tests="3" failures="0" skipped="0">
        <properties>
            <property name="@registeration" value="true">
            </property>
            <property name="URI" value="C:/Users/ysong/test/BDD ui integration/features/gmm-registration.feature">
            </property>
        </properties>
        <testcase name="Given I am on the GMM login page again" classname="register-a-non-fema-user;register-a-non-fema-user" time="9.273848177">
        </testcase>
        <testcase name="When I click the Register button" classname="register-a-non-fema-user;register-a-non-fema-user" time="0.078402223">
        </testcase>
        <testcase name="Then I should see the registration page" classname="register-a-non-fema-user;register-a-non-fema-user" time="0.036817775">
        </testcase>
    </testsuite>
</testsuites>